AR plasma logic /home/pdp/pdp/rtl/plasma.vhd sub00/vhpl37 1495005649
EN pc_next NULL /home/pdp/pdp/rtl/pc_next.vhd sub00/vhpl04 1495005616
EN reg_bank NULL /home/pdp/pdp/rtl/reg_bank.vhd sub00/vhpl10 1495005622
EN bus_mux NULL /home/pdp/pdp/rtl/bus_mux.vhd sub00/vhpl12 1495005624
EN ddr_ctrl_top NULL /home/pdp/pdp/rtl/ddr_ctrl_top.vhd sub00/vhpl38 1495005650
AR ddr_ctrl_top logic /home/pdp/pdp/rtl/ddr_ctrl_top.vhd sub00/vhpl39 1495005651
AR shifter logic /home/pdp/pdp/rtl/shifter.vhd sub00/vhpl17 1495005629
EN mult NULL /home/pdp/pdp/rtl/mult.vhd sub00/vhpl18 1495005630
EN clk_gen NULL /home/pdp/pdp/rtl/clk_gen.vhd sub00/vhpl34 1495005646
EN ddr_init NULL /home/pdp/pdp/rtl/ddr_init.vhd sub00/vhpl22 1495005634
AR mlite_cpu logic /home/pdp/pdp/rtl/mlite_cpu.vhd sub00/vhpl27 1495005639
EN plasma NULL /home/pdp/pdp/rtl/plasma.vhd sub00/vhpl36 1495005648
AR control logic /home/pdp/pdp/rtl/control.vhd sub00/vhpl09 1495005621
EN ddr_ctrl NULL /home/pdp/pdp/rtl/ddr_ctrl.vhd sub00/vhpl24 1495005636
AR alu logic /home/pdp/pdp/rtl/alu.vhd sub00/vhpl15 1495005627
AR cache logic /home/pdp/pdp/rtl/cache.vhd sub00/vhpl29 1495005641
EN boot_ram NULL /home/pdp/pdp/rtl/boot_ram.vhd sub00/vhpl30 1495005642
AR cache_ram logic /home/pdp/pdp/rtl/cache_ram.vhd sub00/vhpl03 1495005615
EN mem_ctrl NULL /home/pdp/pdp/rtl/mem_ctrl.vhd sub00/vhpl06 1495005618
AR bus_mux logic /home/pdp/pdp/rtl/bus_mux.vhd sub00/vhpl13 1495005625
AR ddr_init logic /home/pdp/pdp/rtl/ddr_init.vhd sub00/vhpl23 1495005635
EN cache NULL /home/pdp/pdp/rtl/cache.vhd sub00/vhpl28 1495005640
EN mlite_cpu NULL /home/pdp/pdp/rtl/mlite_cpu.vhd sub00/vhpl26 1495005638
EN shifter NULL /home/pdp/pdp/rtl/shifter.vhd sub00/vhpl16 1495005628
EN top_ml410 NULL /home/pdp/pdp/rtl/top_ml410.vhd sub00/vhpl42 1495005654
AR reg_bank ram_block /home/pdp/pdp/rtl/reg_bank.vhd sub00/vhpl11 1495005623
EN cache_ram NULL /home/pdp/pdp/rtl/cache_ram.vhd sub00/vhpl02 1495005614
AR plasma_top logic /home/pdp/pdp/rtl/plasma_top.vhd sub00/vhpl41 1495005653
AR mem_ctrl logic /home/pdp/pdp/rtl/mem_ctrl.vhd sub00/vhpl07 1495005619
EN control NULL /home/pdp/pdp/rtl/control.vhd sub00/vhpl08 1495005620
AR top_ml410 logic /home/pdp/pdp/rtl/top_ml410.vhd sub00/vhpl43 1495005655
AR clk_gen logic /home/pdp/pdp/rtl/clk_gen.vhd sub00/vhpl35 1495005647
AR ddr_ctrl logic /home/pdp/pdp/rtl/ddr_ctrl.vhd sub00/vhpl25 1495005637
PB mlite_pack mlite_pack /home/pdp/pdp/rtl/mlite_pack.vhd sub00/vhpl01 1495005613
AR pipeline logic /home/pdp/pdp/rtl/pipeline.vhd sub00/vhpl21 1495005633
AR mult logic /home/pdp/pdp/rtl/mult.vhd sub00/vhpl19 1495005631
EN uart NULL /home/pdp/pdp/rtl/uart.vhd sub00/vhpl32 1495005644
EN pipeline NULL /home/pdp/pdp/rtl/pipeline.vhd sub00/vhpl20 1495005632
AR uart logic /home/pdp/pdp/rtl/uart.vhd sub00/vhpl33 1495005645
EN plasma_top NULL /home/pdp/pdp/rtl/plasma_top.vhd sub00/vhpl40 1495005652
AR pc_next logic /home/pdp/pdp/rtl/pc_next.vhd sub00/vhpl05 1495005617
EN alu NULL /home/pdp/pdp/rtl/alu.vhd sub00/vhpl14 1495005626
AR boot_ram logic /home/pdp/pdp/rtl/boot_ram.vhd sub00/vhpl31 1495005643
PH mlite_pack NULL /home/pdp/pdp/rtl/mlite_pack.vhd sub00/vhpl00 1495005612
