V3 111
FL /home/pdp/pdp/rtl/alu.vhd 2017/05/16.23:47:30 P.20131013
EN work/alu 1495005626 FL /home/pdp/pdp/rtl/alu.vhd PB ieee/std_logic_1164 1381692176 \
      PB work/mlite_pack 1495005613
AR work/alu/logic 1495005627 \
      FL /home/pdp/pdp/rtl/alu.vhd EN work/alu 1495005626
FL /home/pdp/pdp/rtl/boot_ram.vhd 2017/05/16.23:47:30 P.20131013
EN work/boot_ram 1495005642 FL /home/pdp/pdp/rtl/boot_ram.vhd \
      PB ieee/std_logic_1164 1381692176 PB ieee/STD_LOGIC_UNSIGNED 1381692179 \
      PB work/mlite_pack 1495005613 LB unisim PH unisim/VCOMPONENTS 1381692182
AR work/boot_ram/logic 1495005643 \
      FL /home/pdp/pdp/rtl/boot_ram.vhd EN work/boot_ram 1495005642 CP RAMB16_S9
FL /home/pdp/pdp/rtl/bus_mux.vhd 2017/05/16.23:47:30 P.20131013
EN work/bus_mux 1495005624 FL /home/pdp/pdp/rtl/bus_mux.vhd PB ieee/std_logic_1164 1381692176 \
      PB work/mlite_pack 1495005613
AR work/bus_mux/logic 1495005625 \
      FL /home/pdp/pdp/rtl/bus_mux.vhd EN work/bus_mux 1495005624
FL /home/pdp/pdp/rtl/cache.vhd 2017/05/17.00:13:34 P.20131013
EN work/cache 1495005640 FL /home/pdp/pdp/rtl/cache.vhd PB ieee/std_logic_1164 1381692176 \
      PB ieee/STD_LOGIC_UNSIGNED 1381692179 LB unisim PH unisim/VCOMPONENTS 1381692182 \
      PB work/mlite_pack 1495005613
AR work/cache/logic 1495005641 \
      FL /home/pdp/pdp/rtl/cache.vhd EN work/cache 1495005640 CP RAMB16_S9 \
      CP cache_ram
FL /home/pdp/pdp/rtl/cache_ram.vhd 2017/05/16.23:47:30 P.20131013
EN work/cache_ram 1495005614 FL /home/pdp/pdp/rtl/cache_ram.vhd \
      PB ieee/std_logic_1164 1381692176 PB ieee/STD_LOGIC_UNSIGNED 1381692179 \
      PB work/mlite_pack 1495005613 LB unisim PH unisim/VCOMPONENTS 1381692182
AR work/cache_ram/logic 1495005615 \
      FL /home/pdp/pdp/rtl/cache_ram.vhd EN work/cache_ram 1495005614 CP RAMB16_S9
FL /home/pdp/pdp/rtl/clk_gen.vhd 2017/05/16.23:47:30 P.20131013
EN work/clk_gen 1495005646 FL /home/pdp/pdp/rtl/clk_gen.vhd PB ieee/std_logic_1164 1381692176 \
      LB unisim PH unisim/VCOMPONENTS 1381692182
AR work/clk_gen/logic 1495005647 \
      FL /home/pdp/pdp/rtl/clk_gen.vhd EN work/clk_gen 1495005646 CP DCM_BASE \
      CP BUFG
FL /home/pdp/pdp/rtl/control.vhd 2017/05/16.23:47:30 P.20131013
EN work/control 1495005620 FL /home/pdp/pdp/rtl/control.vhd PB ieee/std_logic_1164 1381692176 \
      PB work/mlite_pack 1495005613
AR work/control/logic 1495005621 \
      FL /home/pdp/pdp/rtl/control.vhd EN work/control 1495005620
FL /home/pdp/pdp/rtl/ddr_ctrl.vhd 2017/05/16.23:47:30 P.20131013
EN work/ddr_ctrl 1495005636 FL /home/pdp/pdp/rtl/ddr_ctrl.vhd \
      PB ieee/std_logic_1164 1381692176 PB ieee/STD_LOGIC_UNSIGNED 1381692179 \
      PB ieee/std_logic_arith 1381692177 PB work/mlite_pack 1495005613
AR work/ddr_ctrl/logic 1495005637 \
      FL /home/pdp/pdp/rtl/ddr_ctrl.vhd EN work/ddr_ctrl 1495005636
FL /home/pdp/pdp/rtl/ddr_ctrl_top.vhd 2017/05/16.23:47:30 P.20131013
EN work/ddr_ctrl_top 1495005650 FL /home/pdp/pdp/rtl/ddr_ctrl_top.vhd \
      PB ieee/std_logic_1164 1381692176 PB ieee/STD_LOGIC_UNSIGNED 1381692179 \
      PB ieee/std_logic_arith 1381692177 PB work/mlite_pack 1495005613
AR work/ddr_ctrl_top/logic 1495005651 \
      FL /home/pdp/pdp/rtl/ddr_ctrl_top.vhd EN work/ddr_ctrl_top 1495005650 \
      CP ddr_init CP ddr_ctrl
FL /home/pdp/pdp/rtl/ddr_init.vhd 2017/05/16.23:47:30 P.20131013
EN work/ddr_init 1495005634 FL /home/pdp/pdp/rtl/ddr_init.vhd \
      PB ieee/std_logic_1164 1381692176 PB ieee/STD_LOGIC_UNSIGNED 1381692179 \
      PB ieee/std_logic_arith 1381692177
AR work/ddr_init/logic 1495005635 \
      FL /home/pdp/pdp/rtl/ddr_init.vhd EN work/ddr_init 1495005634
FL /home/pdp/pdp/rtl/mem_ctrl.vhd 2017/05/16.23:47:30 P.20131013
EN work/mem_ctrl 1495005618 FL /home/pdp/pdp/rtl/mem_ctrl.vhd \
      PB ieee/std_logic_1164 1381692176 PB work/mlite_pack 1495005613
AR work/mem_ctrl/logic 1495005619 \
      FL /home/pdp/pdp/rtl/mem_ctrl.vhd EN work/mem_ctrl 1495005618
FL /home/pdp/pdp/rtl/mlite_cpu.vhd 2017/05/16.23:47:30 P.20131013
EN work/mlite_cpu 1495005638 FL /home/pdp/pdp/rtl/mlite_cpu.vhd PB work/mlite_pack 1495005613 \
      PB ieee/std_logic_1164 1381692176 PB ieee/STD_LOGIC_UNSIGNED 1381692179
AR work/mlite_cpu/logic 1495005639 \
      FL /home/pdp/pdp/rtl/mlite_cpu.vhd EN work/mlite_cpu 1495005638 CP pc_next \
      CP mem_ctrl CP control CP reg_bank CP bus_mux CP alu CP shifter CP mult \
      CP pipeline
FL /home/pdp/pdp/rtl/mlite_pack.vhd 2017/05/16.23:47:30 P.20131013
PH work/mlite_pack 1495005612 FL /home/pdp/pdp/rtl/mlite_pack.vhd \
      PB ieee/std_logic_1164 1381692176 CD lpm_ram_dp CD LPM_RAM_DQ CD RAM32X1D \
      CD pc_next CD mem_ctrl CD control CD reg_bank CD bus_mux CD alu CD shifter \
      CD mult CD pipeline CD mlite_cpu CD cache CD cache_ram CD boot_ram CD uart \
      CD plasma CD ddr_ctrl
PB work/mlite_pack 1495005613 \
      FL /home/pdp/pdp/rtl/mlite_pack.vhd PH work/mlite_pack 1495005612
FL /home/pdp/pdp/rtl/mult.vhd 2017/05/16.23:47:30 P.20131013
EN work/mult 1495005630 FL /home/pdp/pdp/rtl/mult.vhd PB ieee/std_logic_1164 1381692176 \
      PB ieee/STD_LOGIC_UNSIGNED 1381692179 PB ieee/std_logic_arith 1381692177 \
      PB work/mlite_pack 1495005613
AR work/mult/logic 1495005631 \
      FL /home/pdp/pdp/rtl/mult.vhd EN work/mult 1495005630
FL /home/pdp/pdp/rtl/pc_next.vhd 2017/05/16.23:47:30 P.20131013
EN work/pc_next 1495005616 FL /home/pdp/pdp/rtl/pc_next.vhd PB ieee/std_logic_1164 1381692176 \
      PB work/mlite_pack 1495005613
AR work/pc_next/logic 1495005617 \
      FL /home/pdp/pdp/rtl/pc_next.vhd EN work/pc_next 1495005616
FL /home/pdp/pdp/rtl/pipeline.vhd 2017/05/16.23:47:30 P.20131013
EN work/pipeline 1495005632 FL /home/pdp/pdp/rtl/pipeline.vhd \
      PB ieee/std_logic_1164 1381692176 PB work/mlite_pack 1495005613
AR work/pipeline/logic 1495005633 \
      FL /home/pdp/pdp/rtl/pipeline.vhd EN work/pipeline 1495005632
FL /home/pdp/pdp/rtl/plasma.vhd 2017/05/16.23:47:30 P.20131013
EN work/plasma 1495005648 FL /home/pdp/pdp/rtl/plasma.vhd PB ieee/std_logic_1164 1381692176 \
      PB work/mlite_pack 1495005613
AR work/plasma/logic 1495005649 \
      FL /home/pdp/pdp/rtl/plasma.vhd EN work/plasma 1495005648 CP mlite_cpu \
      CP cache CP boot_ram CP uart
FL /home/pdp/pdp/rtl/plasma_top.vhd 2017/05/16.23:47:30 P.20131013
EN work/plasma_top 1495005652 FL /home/pdp/pdp/rtl/plasma_top.vhd \
      PB ieee/std_logic_1164 1381692176 PB ieee/STD_LOGIC_UNSIGNED 1381692179 \
      PB ieee/std_logic_arith 1381692177 LB unisim PH unisim/VCOMPONENTS 1381692182
AR work/plasma_top/logic 1495005653 \
      FL /home/pdp/pdp/rtl/plasma_top.vhd EN work/plasma_top 1495005652 CP IBUF \
      CP clk_gen CP plasma CP ddr_ctrl_top
FL /home/pdp/pdp/rtl/reg_bank.vhd 2017/05/16.23:47:30 P.20131013
EN work/reg_bank 1495005622 FL /home/pdp/pdp/rtl/reg_bank.vhd \
      PB ieee/std_logic_1164 1381692176 PB ieee/STD_LOGIC_UNSIGNED 1381692179 \
      PB work/mlite_pack 1495005613 LB unisim PH unisim/VCOMPONENTS 1381692182
AR work/reg_bank/ram_block 1495005623 \
      FL /home/pdp/pdp/rtl/reg_bank.vhd EN work/reg_bank 1495005622 CP RAM16X1D
FL /home/pdp/pdp/rtl/shifter.vhd 2017/05/16.23:47:30 P.20131013
EN work/shifter 1495005628 FL /home/pdp/pdp/rtl/shifter.vhd PB ieee/std_logic_1164 1381692176 \
      PB work/mlite_pack 1495005613
AR work/shifter/logic 1495005629 \
      FL /home/pdp/pdp/rtl/shifter.vhd EN work/shifter 1495005628
FL /home/pdp/pdp/rtl/top_ml410.vhd 2017/05/16.23:47:30 P.20131013
EN work/top_ml410 1495005654 FL /home/pdp/pdp/rtl/top_ml410.vhd \
      PB ieee/std_logic_1164 1381692176 PB ieee/STD_LOGIC_UNSIGNED 1381692179 \
      PB ieee/std_logic_arith 1381692177
AR work/top_ml410/logic 1495005655 \
      FL /home/pdp/pdp/rtl/top_ml410.vhd EN work/top_ml410 1495005654 \
      CP plasma_top
FL /home/pdp/pdp/rtl/uart.vhd 2017/05/16.23:47:30 P.20131013
EN work/uart 1495005644 FL /home/pdp/pdp/rtl/uart.vhd PB ieee/std_logic_1164 1381692176 \
      PB ieee/std_logic_misc 1381692178 PB ieee/std_logic_arith 1381692177 \
      PB ieee/STD_LOGIC_TEXTIO 1381692180 PB ieee/STD_LOGIC_UNSIGNED 1381692179 \
      PB ieee/NUMERIC_STD 1381692181 PB ieee/MATH_REAL 1381692182 PB std/TEXTIO 1381692176 \
      PB work/mlite_pack 1495005613
AR work/uart/logic 1495005645 \
      FL /home/pdp/pdp/rtl/uart.vhd EN work/uart 1495005644
